ARM Linker, 4.1 [Build 894] [Standard]

==============================================================================

Section Cross References

    startup_lpc17xx.o(STACK) refers (Special) to heapauxi.o(.text) for __use_two_region_memory
    startup_lpc17xx.o(HEAP) refers (Special) to heapauxi.o(.text) for __use_two_region_memory
    startup_lpc17xx.o(RESET) refers (Special) to heapauxi.o(.text) for __use_two_region_memory
    startup_lpc17xx.o(RESET) refers to startup_lpc17xx.o(STACK) for __initial_sp
    startup_lpc17xx.o(RESET) refers to startup_lpc17xx.o(.text) for Reset_Handler
    startup_lpc17xx.o(RESET) refers to systen_delay.o(.text) for SysTick_Handler
    startup_lpc17xx.o(RESET) refers to uart.o(.text) for UART0_IRQHandler
    startup_lpc17xx.o(RESET) refers to isr_touch.o(.text) for EINT3_IRQHandler
    startup_lpc17xx.o(.ARM.__at_0x02FC) refers (Special) to heapauxi.o(.text) for __use_two_region_memory
    startup_lpc17xx.o(.text) refers (Special) to heapauxi.o(.text) for __use_two_region_memory
    startup_lpc17xx.o(.text) refers to system_lpc17xx.o(.text) for SystemInit
    startup_lpc17xx.o(.text) refers to __main.o(!!!main) for __main
    startup_lpc17xx.o(.text) refers to startup_lpc17xx.o(HEAP) for Heap_Mem
    startup_lpc17xx.o(.text) refers to startup_lpc17xx.o(STACK) for Stack_Mem
    system_lpc17xx.o(.text) refers to system_lpc17xx.o(.data) for SystemCoreClock
    debug_frmwrk.o(.text) refers to lpc17xx_uart.o(.text) for UART_Send
    debug_frmwrk.o(.text) refers to c89vsprintf.o(.text) for __c89vsprintf
    debug_frmwrk.o(.text) refers to debug_frmwrk.o(.bss) for buffer
    debug_frmwrk.o(.text) refers to debug_frmwrk.o(.data) for _db_msg
    lpc17xx_uart.o(.text) refers to lpc17xx_clkpwr.o(.text) for CLKPWR_GetPCLK
    lpc17xx_uart.o(.text) refers to llshl.o(.text) for __aeabi_llsl
    lpc17xx_uart.o(.text) refers to lludivv7m.o(.text) for __aeabi_uldivmod
    lpc17xx_uart.o(.text) refers to llushr.o(.text) for __aeabi_llsr
    lpc17xx_uart.o(.text) refers to main.o(.text) for check_failed
    lpc17xx_clkpwr.o(.text) refers to system_lpc17xx.o(.data) for SystemCoreClock
    lpc17xx_ssp.o(.text) refers to main.o(.text) for check_failed
    lpc17xx_ssp.o(.text) refers to lpc17xx_clkpwr.o(.text) for CLKPWR_GetPCLK
    lpc17xx_spi.o(.text) refers to main.o(.text) for check_failed
    lpc17xx_spi.o(.text) refers to lpc17xx_clkpwr.o(.text) for CLKPWR_GetPCLK
    main.o(.text) refers to _printf_pad.o(.text) for _printf_pre_padding
    main.o(.text) refers to _printf_percent.o(.ARM.Collect$$_printf_percent$$00000000) for _printf_percent
    main.o(.text) refers to _printf_f.o(.ARM.Collect$$_printf_percent$$00000003) for _printf_f
    main.o(.text) refers to _printf_c.o(.ARM.Collect$$_printf_percent$$00000013) for _printf_c
    main.o(.text) refers to printf1.o(x$fpl$printf1) for _printf_fp_dec
    main.o(.text) refers to _printf_str.o(.text) for _printf_str
    main.o(.text) refers to _printf_s.o(.ARM.Collect$$_printf_percent$$00000014) for _printf_s
    main.o(.text) refers to _printf_d.o(.ARM.Collect$$_printf_percent$$00000009) for _printf_d
    main.o(.text) refers to _printf_dec.o(.text) for _printf_int_dec
    main.o(.text) refers to _printf_x.o(.ARM.Collect$$_printf_percent$$0000000C) for _printf_x
    main.o(.text) refers to _printf_hex_int_ll_ptr.o(.text) for _printf_longlong_hex
    main.o(.text) refers to rt_memcpy_w.o(.text) for __aeabi_memcpy4
    main.o(.text) refers to fflt_clz.o(x$fpl$ffltu) for __aeabi_ui2f
    main.o(.text) refers to fdiv.o(x$fpl$fdiv) for __aeabi_fdiv
    main.o(.text) refers to f2d.o(x$fpl$f2d) for __aeabi_f2d
    main.o(.text) refers to __2sprintf.o(.text) for __2sprintf
    main.o(.text) refers to lcd_api.o(.text) for LCD_write_english_string
    main.o(.text) refers to gprs.o(.text) for GPRS_send_str
    main.o(.text) refers to fflt_clz.o(x$fpl$fflt) for __aeabi_i2f
    main.o(.text) refers to debug_frmwrk.o(.text) for debug_frmwrk_init
    main.o(.text) refers to ili_lcd_general.o(.text) for lcd_Initializtion
    main.o(.text) refers to uart.o(.text) for uart1Init
    main.o(.text) refers to main.o(.bss) for gpsx
    main.o(.text) refers to main.o(.data) for fixmode_tbl
    main.o(.data) refers to main.o(.conststring) for .conststring
    systen_delay.o(.text) refers to systen_delay.o(.data) for SysTickCnt
    systen_delay.o(.text) refers to system_lpc17xx.o(.data) for SystemCoreClock
    ili_lcd_general.o(.text) refers to lpc17xx_gpio.o(.text) for FIO_SetDir
    ili_lcd_general.o(.text) refers to ili_lcd_general.o(i.write_cmd) for write_cmd
    ili_lcd_general.o(.text) refers to ili_lcd_general.o(i.lcd_send) for lcd_send
    ili_lcd_general.o(.text) refers to ili_lcd_general.o(.emb_text) for wait
    ili_lcd_general.o(.text) refers to ili_lcd_general.o(i.write_reg) for write_reg
    ili_lcd_general.o(.text) refers to ili_lcd_general.o(i.read_data) for read_data
[...]
    .ARM.Collect$$libshutdown$$0000000F      0x00000236   Section        2  libshutdown2.o(.ARM.Collect$$libshutdown$$0000000F)
    .ARM.Collect$$rtentry$$00000000          0x00000238   Section        0  rtentry.o(.ARM.Collect$$rtentry$$00000000)
    .ARM.Collect$$rtentry$$00000002          0x00000238   Section        0  rtentry2.o(.ARM.Collect$$rtentry$$00000002)
    .ARM.Collect$$rtentry$$00000004          0x00000238   Section        6  rtentry4.o(.ARM.Collect$$rtentry$$00000004)
    .ARM.Collect$$rtentry$$00000009          0x0000023e   Section        0  rtentry2.o(.ARM.Collect$$rtentry$$00000009)
    .ARM.Collect$$rtentry$$0000000A          0x0000023e   Section        4  rtentry2.o(.ARM.Collect$$rtentry$$0000000A)
    .ARM.Collect$$rtentry$$0000000C          0x00000242   Section        0  rtentry2.o(.ARM.Collect$$rtentry$$0000000C)
    .ARM.Collect$$rtentry$$0000000D          0x00000242   Section        8  rtentry2.o(.ARM.Collect$$rtentry$$0000000D)
    .ARM.Collect$$rtexit$$00000000           0x0000024a   Section        2  rtexit.o(.ARM.Collect$$rtexit$$00000000)
    .ARM.Collect$$rtexit$$00000002           0x0000024c   Section        0  rtexit2.o(.ARM.Collect$$rtexit$$00000002)
    .ARM.Collect$$rtexit$$00000003           0x0000024c   Section        4  rtexit2.o(.ARM.Collect$$rtexit$$00000003)
    .ARM.Collect$$rtexit$$00000004           0x00000250   Section        6  rtexit2.o(.ARM.Collect$$rtexit$$00000004)
    .emb_text                                0x00000258   Section       12  ili_lcd_general.o(.emb_text)
    .text                                    0x00000264   Section       60  startup_lpc17xx.o(.text)
    .text                                    0x000002a0   Section        0  isr_touch.o(.text)
    .text                                    0x000002b2   Section       38  llshl.o(.text)
    .text                                    0x000002d8   Section        0  c89vsprintf.o(.text)
    .ARM.__at_0x02FC                         0x000002fc   Section        4  startup_lpc17xx.o(.ARM.__at_0x02FC)
    .text                                    0x00000300   Section        0  system_lpc17xx.o(.text)
    .text                                    0x000005a4   Section        0  lpc17xx_gpio.o(.text)
    GPIO_GetPointer                          0x000005a5   Thumb Code    52  lpc17xx_gpio.o(.text)
    FIO_HalfWordGetPointer                   0x000005d9   Thumb Code    52  lpc17xx_gpio.o(.text)
    FIO_ByteGetPointer                       0x0000060d   Thumb Code    52  lpc17xx_gpio.o(.text)
    .text                                    0x000009c8   Section        0  debug_frmwrk.o(.text)
    .text                                    0x00000dcc   Section        0  lpc17xx_uart.o(.text)
    uart_set_divisors                        0x00000dcd   Thumb Code   532  lpc17xx_uart.o(.text)
    .text                                    0x00001c70   Section        0  lpc17xx_pinsel.o(.text)
    set_PinFunc                              0x00001c71   Thumb Code    60  lpc17xx_pinsel.o(.text)
    set_ResistorMode                         0x00001cad   Thumb Code    62  lpc17xx_pinsel.o(.text)
    set_OpenDrainMode                        0x00001ceb   Thumb Code    44  lpc17xx_pinsel.o(.text)
    .text                                    0x00001d70   Section        0  lpc17xx_clkpwr.o(.text)
    .text                                    0x00001ec0   Section        0  lpc17xx_ssp.o(.text)
    setSSPclock                              0x00001ec1   Thumb Code   130  lpc17xx_ssp.o(.text)
    .text                                    0x0000258c   Section        0  main.o(.text)
    .text                                    0x00002a28   Section        0  systen_delay.o(.text)
    .text                                    0x00002aac   Section        0  ili_lcd_general.o(.text)
    delay                                    0x00002aad   Thumb Code    14  ili_lcd_general.o(.text)
    lcd_port_init                            0x00002abb   Thumb Code    48  ili_lcd_general.o(.text)
    .text                                    0x00003760   Section        0  lcd_api.o(.text)
    .text                                    0x00003810   Section        0  touch_panel.o(.text)
    .text                                    0x00003bb8   Section        0  gprs.o(.text)
    func_send_AT_ATE0                        0x00003bd3   Thumb Code    22  gprs.o(.text)
    func_send_AT_CGATT                       0x00003be9   Thumb Code    60  gprs.o(.text)
    func_send_AT_CGDCONT                     0x00003c25   Thumb Code    54  gprs.o(.text)
    func_send_AT_CGRGE                       0x00003c5b   Thumb Code    54  gprs.o(.text)
    func_send_AT_ETCPIP                      0x00003c91   Thumb Code    54  gprs.o(.text)
    func_send_AT_ETCPIP_Q                    0x00003cc7   Thumb Code    40  gprs.o(.text)
    func_send_AT_DNSR                        0x00003cef   Thumb Code    54  gprs.o(.text)
    func_send_AT_IPOPEN                      0x00003d25   Thumb Code    54  gprs.o(.text)
    .text                                    0x00003f44   Section        0  gps.o(.text)
    UTC2BTC                                  0x000042b1   Thumb Code   208  gps.o(.text)
    .text                                    0x00004694   Section        0  uart.o(.text)
    NVIC_SetPriority                         0x00004695   Thumb Code    32  uart.o(.text)
    NVIC_EnableIRQ                           0x00004bdb   Thumb Code    24  uart.o(.text)
    .text                                    0x00004c00   Section      238  lludivv7m.o(.text)
    .text                                    0x00004cee   Section       38  llushr.o(.text)
    .text                                    0x00004d14   Section        0  __2sprintf.o(.text)
    .text                                    0x00004d40   Section        0  _printf_pad.o(.text)
    .text                                    0x00004d92   Section        0  _printf_str.o(.text)
    .text                                    0x00004de4   Section        0  _printf_dec.o(.text)
    .text                                    0x00004e5c   Section        0  _printf_hex_int_ll_ptr.o(.text)
    _printf_hex_common                       0x00004e5d   Thumb Code     0  _printf_hex_int_ll_ptr.o(.text)
    .text                                    0x00004ef8   Section        0  __printf_flags_ss_wp.o(.text)
    .text                                    0x00005084   Section        0  strstr.o(.text)
    .text                                    0x000050a8   Section      100  rt_memcpy_w.o(.text)
    .text                                    0x0000510c   Section        0  heapauxi.o(.text)
    .text                                    0x00005112   Section        0  _printf_truncate.o(.text)
    .text                                    0x00005136   Section        0  _printf_intcommon.o(.text)
    .text                                    0x000051ee   Section        0  _printf_charcount.o(.text)
    .text                                    0x00005218   Section        0  _printf_fp_dec.o(.text)
    _fp_digits                               0x0000521b   Thumb Code   428  _printf_fp_dec.o(.text)
    .text                                    0x00005638   Section        0  _printf_char_common.o(.text)
    _printf_input_char                       0x00005639   Thumb Code    10  _printf_char_common.o(.text)
    .text                                    0x00005668   Section        0  _sputc.o(.text)
    .text                                    0x00005672   Section        0  _printf_char.o(.text)
    .text                                    0x000056a0   Section        0  _printf_wctomb.o(.text)
    .text                                    0x0000575c   Section        0  _printf_longlong_dec.o(.text)
    .text                                    0x000057d4   Section        0  _printf_oct_int_ll.o(.text)
    _printf_longlong_oct_internal            0x000057d5   Thumb Code     0  _printf_oct_int_ll.o(.text)
    .text                                    0x0000584c   Section        8  rt_locale_intlibspace.o(.text)
    .text                                    0x00005854   Section      138  lludiv10.o(.text)
    .text                                    0x000058e0   Section        0  _printf_fp_infnan.o(.text)
    .text                                    0x00005960   Section        0  _printf_wchar.o(.text)
    .text                                    0x0000598c   Section        0  bigflt0.o(.text)
    .text                                    0x00005a70   Section        0  _wcrtomb.o(.text)
    .text                                    0x00005ab0   Section        8  libspace.o(.text)
    .text                                    0x00005ab8   Section       74  sys_stackheap_outer.o(.text)
    .text                                    0x00005b04   Section       16  rt_ctype_table.o(.text)
    .text                                    0x00005b14   Section        0  exit.o(.text)
    .text                                    0x00005b20   Section      128  strcmpv7m.o(.text)
    .text                                    0x00005ba0   Section        0  sys_exit.o(.text)
    .text                                    0x00005bac   Section        8  rt_fp_status_addr_intlibspace.o(.text)
    .text                                    0x00005bb4   Section        2  use_no_semi.o(.text)
    .text                                    0x00005bb6   Section        0  indicate_semi.o(.text)
    CL$$btod_d2e                             0x00005bb6   Section       62  btod.o(CL$$btod_d2e)
    CL$$btod_d2e_denorm_low                  0x00005bf4   Section       70  btod.o(CL$$btod_d2e_denorm_low)
    CL$$btod_d2e_norm_op1                    0x00005c3a   Section       96  btod.o(CL$$btod_d2e_norm_op1)
    CL$$btod_div_common                      0x00005c9a   Section      824  btod.o(CL$$btod_div_common)
    CL$$btod_e2e                             0x00005fd2   Section      198  btod.o(CL$$btod_e2e)
    CL$$btod_ediv                            0x00006098   Section       40  btod.o(CL$$btod_ediv)
    CL$$btod_emul                            0x000060c0   Section       40  btod.o(CL$$btod_emul)
    CL$$btod_mult_common                     0x000060e8   Section      580  btod.o(CL$$btod_mult_common)
    i.__ARM_fpclassify                       0x0000632c   Section        0  fpclassify.o(i.__ARM_fpclassify)
    i._is_digit                              0x00006354   Section        0  __printf_wp.o(i._is_digit)
    i.lcd_send                               0x00006364   Section        0  ili_lcd_general.o(i.lcd_send)
    i.read_data                              0x00006390   Section        0  ili_lcd_general.o(i.read_data)
    i.wait_delay                             0x00006408   Section        0  ili_lcd_general.o(i.wait_delay)
    i.write_cmd                              0x00006418   Section        0  ili_lcd_general.o(i.write_cmd)
    i.write_reg                              0x00006458   Section        0  ili_lcd_general.o(i.write_reg)
    locale$$code                             0x0000646c   Section       44  lc_numeric_c.o(locale$$code)
    locale$$code                             0x00006498   Section       44  lc_ctype_c.o(locale$$code)
    x$fpl$dretinf                            0x000064c4   Section       12  dretinf.o(x$fpl$dretinf)
    x$fpl$f2d                                0x000064d0   Section       86  f2d.o(x$fpl$f2d)
    x$fpl$fadd                               0x00006528   Section      196  faddsub_clz.o(x$fpl$fadd)
    _fadd1                                   0x00006537   Thumb Code     0  faddsub_clz.o(x$fpl$fadd)
    x$fpl$fdiv                               0x000065ec   Section      388  fdiv.o(x$fpl$fdiv)
    _fdiv1                                   0x000065ed   Thumb Code     0  fdiv.o(x$fpl$fdiv)
    x$fpl$ffixu                              0x00006770   Section       62  ffixu.o(x$fpl$ffixu)
    x$fpl$fflt                               0x000067b0   Section       48  fflt_clz.o(x$fpl$fflt)
    x$fpl$ffltu                              0x000067e0   Section       38  fflt_clz.o(x$fpl$ffltu)
    x$fpl$fmul                               0x00006808   Section      258  fmul.o(x$fpl$fmul)
    x$fpl$fnaninf                            0x0000690a   Section      140  fnaninf.o(x$fpl$fnaninf)
    x$fpl$fpinit                             0x00006996   Section       14  fpinit.o(x$fpl$fpinit)
    x$fpl$fretinf                            0x000069a4   Section       10  fretinf.o(x$fpl$fretinf)
    x$fpl$fsub                               0x000069b0   Section      234  faddsub_clz.o(x$fpl$fsub)
    _fsub1                                   0x000069bf   Thumb Code     0  faddsub_clz.o(x$fpl$fsub)
    x$fpl$printf1                            0x00006a9a   Section        4  printf1.o(x$fpl$printf1)
    .constdata                               0x00006a9e   Section     1520  english_16x8.o(.constdata)
    x$fpl$usenofp                            0x00006a9e   Section        0  usenofp.o(x$fpl$usenofp)
    .constdata                               0x0000708e   Section       40  _printf_hex_int_ll_ptr.o(.constdata)
    uc_hextab                                0x0000708e   Data          20  _printf_hex_int_ll_ptr.o(.constdata)
    lc_hextab                                0x000070a2   Data          20  _printf_hex_int_ll_ptr.o(.constdata)
    .constdata                               0x000070b6   Section       17  __printf_flags_ss_wp.o(.constdata)
    maptable                                 0x000070b6   Data          17  __printf_flags_ss_wp.o(.constdata)
    .constdata                               0x000070c8   Section        8  _printf_wctomb.o(.constdata)
    initial_mbstate                          0x000070c8   Data           8  _printf_wctomb.o(.constdata)
    .constdata                               0x000070d0   Section      148  bigflt0.o(.constdata)
    tenpwrs_x                                0x000070d0   Data          60  bigflt0.o(.constdata)
    tenpwrs_i                                0x0000710c   Data          64  bigflt0.o(.constdata)
    .conststring                             0x00007164   Section       15  main.o(.conststring)
    locale$$data                             0x00007194   Section       28  lc_numeric_c.o(locale$$data)
    __lcnum_c_name                           0x00007198   Data           2  lc_numeric_c.o(locale$$data)
    __lcnum_c_start                          0x000071a0   Data           0  lc_numeric_c.o(locale$$data)
    __lcnum_c_point                          0x000071ac   Data           0  lc_numeric_c.o(locale$$data)
    __lcnum_c_thousands                      0x000071ae   Data           0  lc_numeric_c.o(locale$$data)
    __lcnum_c_grouping                       0x000071af   Data           0  lc_numeric_c.o(locale$$data)
    locale$$data                             0x000071b0   Section      272  lc_ctype_c.o(locale$$data)
    __lcnum_c_end                            0x000071b0   Data           0  lc_numeric_c.o(locale$$data)
    __lcctype_c_name                         0x000071b4   Data           2  lc_ctype_c.o(locale$$data)
    __lcctype_c_start                        0x000071bc   Data           0  lc_ctype_c.o(locale$$data)
    __lcctype_c_end                          0x000072c0   Data           0  lc_ctype_c.o(locale$$data)
    .data                                    0x10000000   Section        4  system_lpc17xx.o(.data)
    .data                                    0x10000004   Section       40  debug_frmwrk.o(.data)
    .data                                    0x1000002c   Section       18  main.o(.data)
    .data                                    0x10000040   Section        4  systen_delay.o(.data)
    .data                                    0x10000044   Section        2  ili_lcd_general.o(.data)
    deviceid                                 0x10000044   Data           2  ili_lcd_general.o(.data)
    .data                                    0x10000046   Section      235  gprs.o(.data)
    .data                                    0x10000134   Section       44  uart.o(.data)
    .bss                                     0x10000160   Section      513  debug_frmwrk.o(.bss)
    buffer                                   0x10000160   Data         513  debug_frmwrk.o(.bss)
    .bss                                     0x10000364   Section      356  main.o(.bss)
    .bss                                     0x100004c8   Section       24  touch_panel.o(.bss)
    .bss                                     0x100004e0   Section     1536  uart.o(.bss)
    .bss                                     0x10000ae0   Section       96  libspace.o(.bss)
    HEAP                                     0x10000b40   Section        0  startup_lpc17xx.o(HEAP)
    STACK                                    0x10000b40   Section      512  startup_lpc17xx.o(STACK)
    Heap_Mem                                 0x10000b40   Data           0  startup_lpc17xx.o(HEAP)
    Stack_Mem                                0x10000b40   Data         512  startup_lpc17xx.o(STACK)
    __initial_sp                             0x10000d40   Data           0  startup_lpc17xx.o(STACK)

    Global Symbols

    Symbol Name                              Value     Ov Type        Size  Object(Section)

    BuildAttributes$$THM_ISAv4$P$D$K$B$S$PE$A:L22UL41UL21$X:L11$S22US41US21$IEEE1$IW$USESV6$~STKCKD$USESV7$~SHL$OTIME$ROPI$IEEEJ$EBA8$UX$STANDARDLIB$REQ8$PRES8$EABIv2 0x00000000   Number         0  anon$$obj.o ABSOLUTE
    __ARM_use_no_argv                        0x00000000   Number         0  main.o ABSOLUTE
    __Vectors                                0x00000000   Data           4  startup_lpc17xx.o(RESET)
    _printf_flags                            0x00000000   Number         0  printf_stubs.o ABSOLUTE
    _printf_return_value                     0x00000000   Number         0  printf_stubs.o ABSOLUTE
    _printf_sizespec                         0x00000000   Number         0  printf_stubs.o ABSOLUTE
    _printf_widthprec                        0x00000000   Number         0  printf_stubs.o ABSOLUTE
    __ARM_exceptions_init                     - Undefined Weak Reference
    __alloca_initialize                       - Undefined Weak Reference
    __cpp_initialize__aeabi_                  - Undefined Weak Reference
    __cxa_finalize                            - Undefined Weak Reference
    __sigvec_lookup                           - Undefined Weak Reference
    _atexit_init                              - Undefined Weak Reference
    _call_atexit_fns                          - Undefined Weak Reference
    _clock_init                               - Undefined Weak Reference
    _fp_trap_init                             - Undefined Weak Reference
    _fp_trap_shutdown                         - Undefined Weak Reference
    _get_lc_collate                           - Undefined Weak Reference
    _get_lc_monetary                          - Undefined Weak Reference
    _get_lc_time                              - Undefined Weak Reference
    _getenv_init                              - Undefined Weak Reference
    _handle_redirection                       - Undefined Weak Reference
    _init_alloc                               - Undefined Weak Reference
    _init_user_alloc                          - Undefined Weak Reference
    _initio                                   - Undefined Weak Reference
    _printf_fp_hex                            - Undefined Weak Reference
    _printf_mbtowc                            - Undefined Weak Reference
    _printf_wc                                - Undefined Weak Reference
    _rand_init                                - Undefined Weak Reference
    _signal_finish                            - Undefined Weak Reference
    _signal_init                              - Undefined Weak Reference
    _terminate_alloc                          - Undefined Weak Reference
    _terminate_user_alloc                     - Undefined Weak Reference
    _terminateio                              - Undefined Weak Reference
    __main                                   0x000000cd   Thumb Code     8  __main.o(!!!main)
    __scatterload                            0x000000d5   Thumb Code     0  __scatter.o(!!!scatter)
    __scatterload_rt2                        0x000000d5   Thumb Code    44  __scatter.o(!!!scatter)
    __scatterload_rt2_thumb_only             0x000000d5   Thumb Code     0  __scatter.o(!!!scatter)
    __scatterload_null                       0x000000e3   Thumb Code     0  __scatter.o(!!!scatter)
    __decompress                             0x00000109   Thumb Code    90  __dczerorl2.o(!!dczerorl2)
    __decompress1                            0x00000109   Thumb Code     0  __dczerorl2.o(!!dczerorl2)
    __scatterload_zeroinit                   0x00000165   Thumb Code    28  __scatter_zi.o(!!handler_zi)
    _printf_n                                0x00000181   Thumb Code     0  _printf_n.o(.ARM.Collect$$_printf_percent$$00000001)
    _printf_percent                          0x00000181   Thumb Code     0  _printf_percent.o(.ARM.Collect$$_printf_percent$$00000000)
    _printf_p                                0x00000187   Thumb Code     0  _printf_p.o(.ARM.Collect$$_printf_percent$$00000002)
    _printf_f                                0x0000018d   Thumb Code     0  _printf_f.o(.ARM.Collect$$_printf_percent$$00000003)
    _printf_e                                0x00000193   Thumb Code     0  _printf_e.o(.ARM.Collect$$_printf_percent$$00000004)
    _printf_g                                0x00000199   Thumb Code     0  _printf_g.o(.ARM.Collect$$_printf_percent$$00000005)
    _printf_a                                0x0000019f   Thumb Code     0  _printf_a.o(.ARM.Collect$$_printf_percent$$00000006)
    _printf_ll                               0x000001a5   Thumb Code     0  _printf_ll.o(.ARM.Collect$$_printf_percent$$00000007)
    _printf_i                                0x000001af   Thumb Code     0  _printf_i.o(.ARM.Collect$$_printf_percent$$00000008)
    _printf_d                                0x000001b5   Thumb Code     0  _printf_d.o(.ARM.Collect$$_printf_percent$$00000009)
    _printf_u                                0x000001bb   Thumb Code     0  _printf_u.o(.ARM.Collect$$_printf_percent$$0000000A)
    _printf_o                                0x000001c1   Thumb Code     0  _printf_o.o(.ARM.Collect$$_printf_percent$$0000000B)
    _printf_x                                0x000001c7   Thumb Code     0  _printf_x.o(.ARM.Collect$$_printf_percent$$0000000C)
    _printf_lli                              0x000001cd   Thumb Code     0  _printf_lli.o(.ARM.Collect$$_printf_percent$$0000000D)
    _printf_lld                              0x000001d3   Thumb Code     0  _printf_lld.o(.ARM.Collect$$_printf_percent$$0000000E)
    _printf_llu                              0x000001d9   Thumb Code     0  _printf_llu.o(.ARM.Collect$$_printf_percent$$0000000F)
    _printf_llo                              0x000001df   Thumb Code     0  _printf_llo.o(.ARM.Collect$$_printf_percent$$00000010)
    _printf_llx                              0x000001e5   Thumb Code     0  _printf_llx.o(.ARM.Collect$$_printf_percent$$00000011)
    _printf_l                                0x000001eb   Thumb Code     0  _printf_l.o(.ARM.Collect$$_printf_percent$$00000012)
    _printf_c                                0x000001f5   Thumb Code     0  _printf_c.o(.ARM.Collect$$_printf_percent$$00000013)
    _printf_s                                0x000001fb   Thumb Code     0  _printf_s.o(.ARM.Collect$$_printf_percent$$00000014)
    _printf_lc                               0x00000201   Thumb Code     0  _printf_lc.o(.ARM.Collect$$_printf_percent$$00000015)
    _printf_ls                               0x00000207   Thumb Code     0  _printf_ls.o(.ARM.Collect$$_printf_percent$$00000016)
    _printf_percent_end                      0x0000020d   Thumb Code     0  _printf_percent_end.o(.ARM.Collect$$_printf_percent$$00000017)
    __rt_lib_init                            0x00000211   Thumb Code     0  libinit.o(.ARM.Collect$$libinit$$00000000)
    __rt_lib_init_heap_1                     0x00000217   Thumb Code     0  libinit2.o(.ARM.Collect$$libinit$$00000006)
    __rt_lib_init_lc_common                  0x00000217   Thumb Code     0  libinit2.o(.ARM.Collect$$libinit$$0000000B)
    __rt_lib_init_rand_1                     0x00000217   Thumb Code     0  libinit2.o(.ARM.Collect$$libinit$$0000000A)
    __rt_lib_init_user_alloc_1               0x00000217   Thumb Code     0  libinit2.o(.ARM.Collect$$libinit$$00000008)
    __rt_lib_init_lc_collate_1               0x0000021d   Thumb Code     0  libinit2.o(.ARM.Collect$$libinit$$0000000D)
    __rt_lib_init_lc_ctype_2                 0x0000021d   Thumb Code     0  libinit2.o(.ARM.Collect$$libinit$$0000000E)
    __rt_lib_init_lc_ctype_1                 0x00000229   Thumb Code     0  libinit2.o(.ARM.Collect$$libinit$$0000000F)
    __rt_lib_init_lc_monetary_1              0x00000229   Thumb Code     0  libinit2.o(.ARM.Collect$$libinit$$00000011)
    __rt_lib_init_lc_numeric_2               0x00000229   Thumb Code     0  libinit2.o(.ARM.Collect$$libinit$$00000012)
    __rt_lib_init_alloca_1                   0x00000233   Thumb Code     0  libinit2.o(.ARM.Collect$$libinit$$0000002A)
    __rt_lib_init_argv_1                     0x00000233   Thumb Code     0  libinit2.o(.ARM.Collect$$libinit$$00000028)
    __rt_lib_init_atexit_1                   0x00000233   Thumb Code     0  libinit2.o(.ARM.Collect$$libinit$$00000017)
    __rt_lib_init_clock_1                    0x00000233   Thumb Code     0  libinit2.o(.ARM.Collect$$libinit$$0000001D)
    __rt_lib_init_cpp_1                      0x00000233   Thumb Code     0  libinit2.o(.ARM.Collect$$libinit$$0000002E)
    __rt_lib_init_exceptions_1               0x00000233   Thumb Code     0  libinit2.o(.ARM.Collect$$libinit$$0000002C)
    __rt_lib_init_fp_trap_1                  0x00000233   Thumb Code     0  libinit2.o(.ARM.Collect$$libinit$$0000001B)
    __rt_lib_init_getenv_1                   0x00000233   Thumb Code     0  libinit2.o(.ARM.Collect$$libinit$$0000001F)
    __rt_lib_init_lc_numeric_1               0x00000233   Thumb Code     0  libinit2.o(.ARM.Collect$$libinit$$00000013)
    __rt_lib_init_lc_time_1                  0x00000233   Thumb Code     0  libinit2.o(.ARM.Collect$$libinit$$00000015)
    __rt_lib_init_return                     0x00000233   Thumb Code     0  libinit2.o(.ARM.Collect$$libinit$$0000002F)
    __rt_lib_init_signal_1                   0x00000233   Thumb Code     0  libinit2.o(.ARM.Collect$$libinit$$00000019)
    __rt_lib_init_stdio_1                    0x00000233   Thumb Code     0  libinit2.o(.ARM.Collect$$libinit$$00000021)
    __rt_lib_shutdown                        0x00000235   Thumb Code     0  libshutdown.o(.ARM.Collect$$libshutdown$$00000000)
    __rt_lib_shutdown_fp_trap_1              0x00000237   Thumb Code     0  libshutdown2.o(.ARM.Collect$$libshutdown$$00000006)
    __rt_lib_shutdown_heap_1                 0x00000237   Thumb Code     0  libshutdown2.o(.ARM.Collect$$libshutdown$$0000000E)
    __rt_lib_shutdown_return                 0x00000237   Thumb Code     0  libshutdown2.o(.ARM.Collect$$libshutdown$$0000000F)
    __rt_lib_shutdown_signal_1               0x00000237   Thumb Code     0  libshutdown2.o(.ARM.Collect$$libshutdown$$00000009)
    __rt_lib_shutdown_stdio_1                0x00000237   Thumb Code     0  libshutdown2.o(.ARM.Collect$$libshutdown$$00000003)
    __rt_lib_shutdown_user_alloc_1           0x00000237   Thumb Code     0  libshutdown2.o(.ARM.Collect$$libshutdown$$0000000B)
    __rt_entry                               0x00000239   Thumb Code     0  rtentry.o(.ARM.Collect$$rtentry$$00000000)
    __rt_entry_presh_1                       0x00000239   Thumb Code     0  rtentry2.o(.ARM.Collect$$rtentry$$00000002)
    __rt_entry_sh                            0x00000239   Thumb Code     0  rtentry4.o(.ARM.Collect$$rtentry$$00000004)
    __rt_entry_li                            0x0000023f   Thumb Code     0  rtentry2.o(.ARM.Collect$$rtentry$$0000000A)
    __rt_entry_postsh_1                      0x0000023f   Thumb Code     0  rtentry2.o(.ARM.Collect$$rtentry$$00000009)
    __rt_entry_main                          0x00000243   Thumb Code     0  rtentry2.o(.ARM.Collect$$rtentry$$0000000D)
    __rt_entry_postli_1                      0x00000243   Thumb Code     0  rtentry2.o(.ARM.Collect$$rtentry$$0000000C)
    __rt_exit                                0x0000024b   Thumb Code     0  rtexit.o(.ARM.Collect$$rtexit$$00000000)
    __rt_exit_ls                             0x0000024d   Thumb Code     0  rtexit2.o(.ARM.Collect$$rtexit$$00000003)
    __rt_exit_prels_1                        0x0000024d   Thumb Code     0  rtexit2.o(.ARM.Collect$$rtexit$$00000002)
    __rt_exit_exit                           0x00000251   Thumb Code     0  rtexit2.o(.ARM.Collect$$rtexit$$00000004)
    __asm___17_ili_lcd_general_c_wait____REV16 0x00000259   Thumb Code     4  ili_lcd_general.o(.emb_text)
    __asm___17_ili_lcd_general_c_wait____REVSH 0x0000025d   Thumb Code     4  ili_lcd_general.o(.emb_text)
    wait                                     0x00000261   Thumb Code     4  ili_lcd_general.o(.emb_text)
    Reset_Handler                            0x00000265   Thumb Code     8  startup_lpc17xx.o(.text)
    NMI_Handler                              0x0000026d   Thumb Code     2  startup_lpc17xx.o(.text)
    HardFault_Handler                        0x0000026f   Thumb Code     2  startup_lpc17xx.o(.text)
    MemManage_Handler                        0x00000271   Thumb Code     2  startup_lpc17xx.o(.text)
    BusFault_Handler                         0x00000273   Thumb Code     2  startup_lpc17xx.o(.text)
    UsageFault_Handler                       0x00000275   Thumb Code     2  startup_lpc17xx.o(.text)
    SVC_Handler                              0x00000277   Thumb Code     2  startup_lpc17xx.o(.text)
    DebugMon_Handler                         0x00000279   Thumb Code     2  startup_lpc17xx.o(.text)
    PendSV_Handler                           0x0000027b   Thumb Code     2  startup_lpc17xx.o(.text)
    ADC_IRQHandler                           0x0000027f   Thumb Code     0  startup_lpc17xx.o(.text)
    BOD_IRQHandler                           0x0000027f   Thumb Code     0  startup_lpc17xx.o(.text)
    CANActivity_IRQHandler                   0x0000027f   Thumb Code     0  startup_lpc17xx.o(.text)
    CAN_IRQHandler                           0x0000027f   Thumb Code     0  startup_lpc17xx.o(.text)
    DMA_IRQHandler                           0x0000027f   Thumb Code     0  startup_lpc17xx.o(.text)
    EINT0_IRQHandler                         0x0000027f   Thumb Code     0  startup_lpc17xx.o(.text)
    EINT1_IRQHandler                         0x0000027f   Thumb Code     0  startup_lpc17xx.o(.text)
    EINT2_IRQHandler                         0x0000027f   Thumb Code     0  startup_lpc17xx.o(.text)
    ENET_IRQHandler                          0x0000027f   Thumb Code     0  startup_lpc17xx.o(.text)
    I2C0_IRQHandler                          0x0000027f   Thumb Code     0  startup_lpc17xx.o(.text)
    I2C1_IRQHandler                          0x0000027f   Thumb Code     0  startup_lpc17xx.o(.text)
    I2C2_IRQHandler                          0x0000027f   Thumb Code     0  startup_lpc17xx.o(.text)
    I2S_IRQHandler                           0x0000027f   Thumb Code     0  startup_lpc17xx.o(.text)
    MCPWM_IRQHandler                         0x0000027f   Thumb Code     0  startup_lpc17xx.o(.text)
    PLL0_IRQHandler                          0x0000027f   Thumb Code     0  startup_lpc17xx.o(.text)
    PLL1_IRQHandler                          0x0000027f   Thumb Code     0  startup_lpc17xx.o(.text)
    PWM1_IRQHandler                          0x0000027f   Thumb Code     0  startup_lpc17xx.o(.text)
    QEI_IRQHandler                           0x0000027f   Thumb Code     0  startup_lpc17xx.o(.text)
    RIT_IRQHandler                           0x0000027f   Thumb Code     0  startup_lpc17xx.o(.text)
    RTC_IRQHandler                           0x0000027f   Thumb Code     0  startup_lpc17xx.o(.text)
    SPI_IRQHandler                           0x0000027f   Thumb Code     0  startup_lpc17xx.o(.text)
    SSP0_IRQHandler                          0x0000027f   Thumb Code     0  startup_lpc17xx.o(.text)
    SSP1_IRQHandler                          0x0000027f   Thumb Code     0  startup_lpc17xx.o(.text)
    TIMER0_IRQHandler                        0x0000027f   Thumb Code     0  startup_lpc17xx.o(.text)
    TIMER1_IRQHandler                        0x0000027f   Thumb Code     0  startup_lpc17xx.o(.text)
    TIMER2_IRQHandler                        0x0000027f   Thumb Code     0  startup_lpc17xx.o(.text)
    TIMER3_IRQHandler                        0x0000027f   Thumb Code     0  startup_lpc17xx.o(.text)
    UART2_IRQHandler                         0x0000027f   Thumb Code     0  startup_lpc17xx.o(.text)
    UART3_IRQHandler                         0x0000027f   Thumb Code     0  startup_lpc17xx.o(.text)
    USBActivity_IRQHandler                   0x0000027f   Thumb Code     0  startup_lpc17xx.o(.text)
    USB_IRQHandler                           0x0000027f   Thumb Code     0  startup_lpc17xx.o(.text)
    WDT_IRQHandler                           0x0000027f   Thumb Code     0  startup_lpc17xx.o(.text)
    __user_initial_stackheap                 0x00000281   Thumb Code     0  startup_lpc17xx.o(.text)
    EINT3_IRQHandler                         0x000002a1   Thumb Code    18  isr_touch.o(.text)
    __aeabi_llsl                             0x000002b3   Thumb Code     0  llshl.o(.text)
    _ll_shift_l                              0x000002b3   Thumb Code    38  llshl.o(.text)
    __c89vsprintf                            0x000002d9   Thumb Code    32  c89vsprintf.o(.text)
    SystemCoreClockUpdate                    0x00000301   Thumb Code   312  system_lpc17xx.o(.text)
    SystemInit                               0x00000439   Thumb Code   282  system_lpc17xx.o(.text)
    GPIO_SetDir                              0x00000641   Thumb Code    40  lpc17xx_gpio.o(.text)
    GPIO_SetValue                            0x00000669   Thumb Code    20  lpc17xx_gpio.o(.text)
    GPIO_ClearValue                          0x0000067d   Thumb Code    20  lpc17xx_gpio.o(.text)
    GPIO_ReadValue                           0x00000691   Thumb Code    22  lpc17xx_gpio.o(.text)
    GPIO_IntCmd                              0x000006a7   Thumb Code    54  lpc17xx_gpio.o(.text)
    GPIO_GetIntStatus                        0x000006dd   Thumb Code    86  lpc17xx_gpio.o(.text)
    GPIO_ClearInt                            0x00000733   Thumb Code    24  lpc17xx_gpio.o(.text)
    FIO_SetDir                               0x0000074b   Thumb Code    20  lpc17xx_gpio.o(.text)
    FIO_SetValue                             0x0000075f   Thumb Code    16  lpc17xx_gpio.o(.text)
    FIO_ClearValue                           0x0000076f   Thumb Code    16  lpc17xx_gpio.o(.text)
    FIO_ReadValue                            0x0000077f   Thumb Code    12  lpc17xx_gpio.o(.text)
    FIO_IntCmd                               0x0000078b   Thumb Code    20  lpc17xx_gpio.o(.text)
    FIO_GetIntStatus                         0x0000079f   Thumb Code    20  lpc17xx_gpio.o(.text)
    FIO_ClearInt                             0x000007b3   Thumb Code    16  lpc17xx_gpio.o(.text)
    FIO_SetMask                              0x000007c3   Thumb Code    40  lpc17xx_gpio.o(.text)
    FIO_HalfWordSetDir                       0x000007eb   Thumb Code    62  lpc17xx_gpio.o(.text)
    FIO_HalfWordSetMask                      0x00000829   Thumb Code    62  lpc17xx_gpio.o(.text)
    FIO_HalfWordSetValue                     0x00000867   Thumb Code    32  lpc17xx_gpio.o(.text)
    FIO_HalfWordClearValue                   0x00000887   Thumb Code    32  lpc17xx_gpio.o(.text)
    FIO_HalfWordReadValue                    0x000008a7   Thumb Code    30  lpc17xx_gpio.o(.text)
    FIO_ByteSetDir                           0x000008c5   Thumb Code    50  lpc17xx_gpio.o(.text)
    FIO_ByteSetMask                          0x000008f7   Thumb Code    66  lpc17xx_gpio.o(.text)
    FIO_ByteSetValue                         0x00000939   Thumb Code    34  lpc17xx_gpio.o(.text)
    FIO_ByteClearValue                       0x0000095b   Thumb Code    34  lpc17xx_gpio.o(.text)
    FIO_ByteReadValue                        0x0000097d   Thumb Code    76  lpc17xx_gpio.o(.text)
    UARTPutChar                              0x000009c9   Thumb Code    18  debug_frmwrk.o(.text)
    UARTGetChar                              0x000009db   Thumb Code    26  debug_frmwrk.o(.text)
    UARTPuts                                 0x000009f5   Thumb Code    28  debug_frmwrk.o(.text)
    UARTPuts_                                0x00000a11   Thumb Code    24  debug_frmwrk.o(.text)
    UARTPutDec                               0x00000a29   Thumb Code    96  debug_frmwrk.o(.text)
    UARTPutDec16                             0x00000a89   Thumb Code   160  debug_frmwrk.o(.text)
    UARTPutDec32                             0x00000b29   Thumb Code   280  debug_frmwrk.o(.text)
    UARTPutHex                               0x00000c41   Thumb Code    66  debug_frmwrk.o(.text)
    UARTPutHex16                             0x00000c83   Thumb Code    66  debug_frmwrk.o(.text)
    UARTPutHex32                             0x00000cc5   Thumb Code    66  debug_frmwrk.o(.text)
    _printf                                  0x00000d07   Thumb Code    38  debug_frmwrk.o(.text)
    debug_frmwrk_init                        0x00000d2d   Thumb Code    82  debug_frmwrk.o(.text)
    UART_Init                                0x00000fe1   Thumb Code   560  lpc17xx_uart.o(.text)
    UART_TxCmd                               0x00001211   Thumb Code   132  lpc17xx_uart.o(.text)
    UART_DeInit                              0x00001295   Thumb Code   112  lpc17xx_uart.o(.text)
    UART_ConfigStructInit                    0x00001305   Thumb Code    18  lpc17xx_uart.o(.text)
    UART_SendByte                            0x00001317   Thumb Code    58  lpc17xx_uart.o(.text)
    UART_ReceiveByte                         0x00001351   Thumb Code    56  lpc17xx_uart.o(.text)
    UART_Send                                0x00001389   Thumb Code   150  lpc17xx_uart.o(.text)
    UART_Receive                             0x0000141f   Thumb Code   122  lpc17xx_uart.o(.text)
    UART_ForceBreak                          0x00001499   Thumb Code    68  lpc17xx_uart.o(.text)
    UART_IntConfig                           0x000014dd   Thumb Code   260  lpc17xx_uart.o(.text)
    UART_GetLineStatus                       0x000015e1   Thumb Code    74  lpc17xx_uart.o(.text)
    UART_GetIntId                            0x0000162b   Thumb Code    52  lpc17xx_uart.o(.text)
    UART_CheckBusy                           0x0000165f   Thumb Code    18  lpc17xx_uart.o(.text)
    UART_FIFOConfig                          0x00001671   Thumb Code   254  lpc17xx_uart.o(.text)
    UART_FIFOConfigStructInit                0x0000176f   Thumb Code    14  lpc17xx_uart.o(.text)
    UART_ABCmd                               0x0000177d   Thumb Code   192  lpc17xx_uart.o(.text)
    UART_ABClearIntPending                   0x0000183d   Thumb Code    66  lpc17xx_uart.o(.text)
    UART_IrDAInvtInputCmd                    0x0000187f   Thumb Code    80  lpc17xx_uart.o(.text)
    UART_IrDACmd                             0x000018cf   Thumb Code    78  lpc17xx_uart.o(.text)
    UART_IrDAPulseDivConfig                  0x0000191d   Thumb Code   102  lpc17xx_uart.o(.text)
    UART_FullModemForcePinState              0x00001983   Thumb Code   134  lpc17xx_uart.o(.text)
    UART_FullModemConfigMode                 0x00001a09   Thumb Code   128  lpc17xx_uart.o(.text)
    UART_FullModemGetStatus                  0x00001a89   Thumb Code    28  lpc17xx_uart.o(.text)
    UART_RS485Config                         0x00001aa5   Thumb Code   300  lpc17xx_uart.o(.text)
    UART_RS485ReceiverCmd                    0x00001bd1   Thumb Code    32  lpc17xx_uart.o(.text)
    UART_RS485Send                           0x00001bf1   Thumb Code    84  lpc17xx_uart.o(.text)
    UART_RS485SendSlvAddr                    0x00001c45   Thumb Code    18  lpc17xx_uart.o(.text)
    UART_RS485SendData                       0x00001c57   Thumb Code    22  lpc17xx_uart.o(.text)
    PINSEL_ConfigTraceFunc                   0x00001d17   Thumb Code    34  lpc17xx_pinsel.o(.text)
    PINSEL_SetI2C0Pins                       0x00001d39   Thumb Code    16  lpc17xx_pinsel.o(.text)
    PINSEL_ConfigPin                         0x00001d49   Thumb Code    36  lpc17xx_pinsel.o(.text)
    CLKPWR_SetPCLKDiv                        0x00001d71   Thumb Code   106  lpc17xx_clkpwr.o(.text)
    CLKPWR_GetPCLKSEL                        0x00001ddb   Thumb Code    32  lpc17xx_clkpwr.o(.text)
    CLKPWR_GetPCLK                           0x00001dfb   Thumb Code    58  lpc17xx_clkpwr.o(.text)
    CLKPWR_ConfigPPWR                        0x00001e35   Thumb Code    50  lpc17xx_clkpwr.o(.text)
    CLKPWR_Sleep                             0x00001e67   Thumb Code    10  lpc17xx_clkpwr.o(.text)
    CLKPWR_DeepSleep                         0x00001e71   Thumb Code    16  lpc17xx_clkpwr.o(.text)
    CLKPWR_PowerDown                         0x00001e81   Thumb Code    16  lpc17xx_clkpwr.o(.text)
    CLKPWR_DeepPowerDown                     0x00001e91   Thumb Code    16  lpc17xx_clkpwr.o(.text)
    SSP_Init                                 0x00001f43   Thumb Code   100  lpc17xx_ssp.o(.text)
    SSP_DeInit                               0x00001fa7   Thumb Code    60  lpc17xx_ssp.o(.text)
    SSP_GetDataSize                          0x00001fe3   Thumb Code    34  lpc17xx_ssp.o(.text)
    SSP_ConfigStructInit                     0x00002005   Thumb Code    22  lpc17xx_ssp.o(.text)
    SSP_Cmd                                  0x0000201b   Thumb Code    68  lpc17xx_ssp.o(.text)
    SSP_LoopBackCmd                          0x0000205f   Thumb Code    68  lpc17xx_ssp.o(.text)
    SSP_SlaveOutputCmd                       0x000020a3   Thumb Code    72  lpc17xx_ssp.o(.text)
    SSP_SendData                             0x000020eb   Thumb Code    34  lpc17xx_ssp.o(.text)
    SSP_ReceiveData                          0x0000210d   Thumb Code    34  lpc17xx_ssp.o(.text)
    SSP_ReadWrite                            0x0000212f   Thumb Code   628  lpc17xx_ssp.o(.text)
    SSP_GetStatus                            0x000023a3   Thumb Code    80  lpc17xx_ssp.o(.text)
    SSP_IntConfig                            0x000023f3   Thumb Code    58  lpc17xx_ssp.o(.text)
    SSP_GetRawIntStatus                      0x0000242d   Thumb Code    76  lpc17xx_ssp.o(.text)
    SSP_GetRawIntStatusReg                   0x00002479   Thumb Code    34  lpc17xx_ssp.o(.text)
    SSP_GetIntStatus                         0x0000249b   Thumb Code    76  lpc17xx_ssp.o(.text)
    SSP_ClearIntPending                      0x000024e7   Thumb Code    58  lpc17xx_ssp.o(.text)
    SSP_DMACmd                               0x00002521   Thumb Code   100  lpc17xx_ssp.o(.text)
    delay                                    0x0000258d   Thumb Code    14  main.o(.text)
    delayNS                                  0x0000259b   Thumb Code    24  main.o(.text)
    ascii_2_hex                              0x000025b3   Thumb Code   142  main.o(.text)
    hex_2_ascii                              0x00002641   Thumb Code    80  main.o(.text)
    Gps_Msg_Show                             0x00002691   Thumb Code   574  main.o(.text)
    main                                     0x000028cf   Thumb Code    74  main.o(.text)
    check_failed                             0x00002919   Thumb Code     4  main.o(.text)
    SysTick_Handler                          0x00002a29   Thumb Code    12  systen_delay.o(.text)
    delay_init                               0x00002a35   Thumb Code    86  systen_delay.o(.text)
    delay_ms                                 0x00002a8b   Thumb Code    18  systen_delay.o(.text)
    rw_data_prepare                          0x00002aeb   Thumb Code    10  ili_lcd_general.o(.text)
    write_data                               0x00002af5   Thumb Code    48  ili_lcd_general.o(.text)
    lcd_getdeviceid                          0x00002b25   Thumb Code     6  ili_lcd_general.o(.text)
    BGR2RGB                                  0x00002b2b   Thumb Code    26  ili_lcd_general.o(.text)
    lcd_SetCursor                            0x00002b45   Thumb Code    52  ili_lcd_general.o(.text)
    lcd_read_gram                            0x00002b79   Thumb Code    34  ili_lcd_general.o(.text)
    lcd_clear                                0x00002b9b   Thumb Code    38  ili_lcd_general.o(.text)
    lcd_data_bus_test                        0x00002bc1   Thumb Code   222  ili_lcd_general.o(.text)
    lcd_gram_test                            0x00002c9f   Thumb Code   252  ili_lcd_general.o(.text)
    lcd_Initializtion                        0x00002d9b   Thumb Code  2498  ili_lcd_general.o(.text)
    LCD_write_english                        0x00003761   Thumb Code   118  lcd_api.o(.text)
    LCD_write_english_string                 0x000037d7   Thumb Code    52  lcd_api.o(.text)
    SPI_WriteByte                            0x00003811   Thumb Code    42  touch_panel.o(.text)
    spi1_init                                0x0000383b   Thumb Code   106  touch_panel.o(.text)
    touch_init                               0x000038a5   Thumb Code   136  touch_panel.o(.text)
    touch_debug                              0x0000392d   Thumb Code   466  touch_panel.o(.text)
    delay_GSM                                0x00003bb9   Thumb Code    26  gprs.o(.text)
    init_gprs_mode                           0x00003d5b   Thumb Code   242  gprs.o(.text)
    GPRS_send_str                            0x00003e4d   Thumb Code    34  gprs.o(.text)
    NMEA_Comma_Pos                           0x00003f45   Thumb Code    50  gps.o(.text)
    NMEA_Pow                                 0x00003f77   Thumb Code    22  gps.o(.text)
    NMEA_Str2num                             0x00003f8d   Thumb Code   234  gps.o(.text)
    NMEA_GPGSV_Analysis                      0x00004077   Thumb Code   298  gps.o(.text)
    NMEA_GPGGA_Analysis                      0x000041a1   Thumb Code    96  gps.o(.text)
    NMEA_GPGSA_Analysis                      0x00004201   Thumb Code   176  gps.o(.text)
    NMEA_GPRMC_Analysis                      0x00004381   Thumb Code   648  gps.o(.text)
    NMEA_GPVTG_Analysis                      0x00004609   Thumb Code    78  gps.o(.text)
    GPS_Analysis                             0x00004657   Thumb Code    48  gps.o(.text)
    UART0_IRQHandler                         0x000046b5   Thumb Code   298  uart.o(.text)
    uart0Init                                0x000047df   Thumb Code   126  uart.o(.text)
    uart0SendByte                            0x0000485d   Thumb Code    18  uart.o(.text)
    Uart0RecvByte                            0x0000486f   Thumb Code    18  uart.o(.text)
    Uart0SendByte                            0x00004881   Thumb Code    22  uart.o(.text)
    uart0SendStr                             0x00004897   Thumb Code    26  uart.o(.text)
    uart1Init                                0x000048b1   Thumb Code   146  uart.o(.text)
    uart1GetByte                             0x00004943   Thumb Code    18  uart.o(.text)
    uart1GetStr                              0x00004955   Thumb Code    24  uart.o(.text)
    uart1SendByte                            0x0000496d   Thumb Code    18  uart.o(.text)
    uart1SendStr                             0x0000497f   Thumb Code    26  uart.o(.text)
    UART1_IRQHandler                         0x00004999   Thumb Code   200  uart.o(.text)
    clear_buf_uart1                          0x00004a61   Thumb Code   124  uart.o(.text)
    UART0_TX_Oscilloscope                    0x00004add   Thumb Code   110  uart.o(.text)
    UART0_RX_PC_Data                         0x00004b4b   Thumb Code    68  uart.o(.text)
    UART0_RX_Oscilloscope                    0x00004b8f   Thumb Code    76  uart.o(.text)
    __aeabi_uldivmod                         0x00004c01   Thumb Code     0  lludivv7m.o(.text)
    _ll_udiv                                 0x00004c01   Thumb Code   238  lludivv7m.o(.text)
    __aeabi_llsr                             0x00004cef   Thumb Code     0  llushr.o(.text)
    _ll_ushift_r                             0x00004cef   Thumb Code    38  llushr.o(.text)
    __2sprintf                               0x00004d15   Thumb Code    38  __2sprintf.o(.text)
    _printf_pre_padding                      0x00004d41   Thumb Code    46  _printf_pad.o(.text)
    _printf_post_padding                     0x00004d6f   Thumb Code    36  _printf_pad.o(.text)
    _printf_str                              0x00004d93   Thumb Code    82  _printf_str.o(.text)
    _printf_int_dec                          0x00004de5   Thumb Code   102  _printf_dec.o(.text)
    _printf_longlong_hex                     0x00004e5d   Thumb Code    92  _printf_hex_int_ll_ptr.o(.text)
    _printf_int_hex                          0x00004eb9   Thumb Code    28  _printf_hex_int_ll_ptr.o(.text)
    _printf_ll_hex                           0x00004ed5   Thumb Code    12  _printf_hex_int_ll_ptr.o(.text)
    _printf_hex_ptr                          0x00004ee1   Thumb Code    18  _printf_hex_int_ll_ptr.o(.text)
    __printf                                 0x00004ef9   Thumb Code   390  __printf_flags_ss_wp.o(.text)
    strstr                                   0x00005085   Thumb Code    36  strstr.o(.text)
    __aeabi_memcpy4                          0x000050a9   Thumb Code     0  rt_memcpy_w.o(.text)
    __aeabi_memcpy8                          0x000050a9   Thumb Code     0  rt_memcpy_w.o(.text)
    __rt_memcpy_w                            0x000050a9   Thumb Code   100  rt_memcpy_w.o(.text)
    _memcpy_lastbytes_aligned                0x000050f1   Thumb Code     0  rt_memcpy_w.o(.text)
    __use_two_region_memory                  0x0000510d   Thumb Code     2  heapauxi.o(.text)
    __rt_heap_escrow$2region                 0x0000510f   Thumb Code     2  heapauxi.o(.text)
    __rt_heap_expand$2region                 0x00005111   Thumb Code     2  heapauxi.o(.text)
    _printf_truncate_signed                  0x00005113   Thumb Code    18  _printf_truncate.o(.text)
    _printf_truncate_unsigned                0x00005125   Thumb Code    18  _printf_truncate.o(.text)
    _printf_int_common                       0x00005137   Thumb Code   184  _printf_intcommon.o(.text)
    _printf_charcount                        0x000051ef   Thumb Code    42  _printf_charcount.o(.text)
    __lib_sel_fp_printf                      0x00005219   Thumb Code     2  _printf_fp_dec.o(.text)
    _printf_fp_dec_real                      0x000053c7   Thumb Code   626  _printf_fp_dec.o(.text)
    _printf_char_common                      0x00005643   Thumb Code    32  _printf_char_common.o(.text)
    _sputc                                   0x00005669   Thumb Code    10  _sputc.o(.text)
    _printf_cs_common                        0x00005673   Thumb Code    20  _printf_char.o(.text)
    _printf_char                             0x00005687   Thumb Code    16  _printf_char.o(.text)
    _printf_string                           0x00005697   Thumb Code     8  _printf_char.o(.text)
    _printf_wctomb                           0x000056a1   Thumb Code   182  _printf_wctomb.o(.text)
    _printf_longlong_dec                     0x0000575d   Thumb Code   104  _printf_longlong_dec.o(.text)
    _printf_longlong_oct                     0x000057d5   Thumb Code    76  _printf_oct_int_ll.o(.text)
    _printf_int_oct                          0x00005821   Thumb Code    24  _printf_oct_int_ll.o(.text)
    _printf_ll_oct                           0x00005839   Thumb Code    12  _printf_oct_int_ll.o(.text)
    __rt_locale                              0x0000584d   Thumb Code     8  rt_locale_intlibspace.o(.text)
    _ll_udiv10                               0x00005855   Thumb Code   138  lludiv10.o(.text)
    _printf_fp_infnan                        0x000058e1   Thumb Code   112  _printf_fp_infnan.o(.text)
    _printf_lcs_common                       0x00005961   Thumb Code    20  _printf_wchar.o(.text)
    _printf_wchar                            0x00005975   Thumb Code    16  _printf_wchar.o(.text)
    _printf_wstring                          0x00005985   Thumb Code     8  _printf_wchar.o(.text)
    _btod_etento                             0x0000598d   Thumb Code   222  bigflt0.o(.text)
    _wcrtomb                                 0x00005a71   Thumb Code    64  _wcrtomb.o(.text)
    __user_libspace                          0x00005ab1   Thumb Code     8  libspace.o(.text)
    __user_perproc_libspace                  0x00005ab1   Thumb Code     0  libspace.o(.text)
    __user_perthread_libspace                0x00005ab1   Thumb Code     0  libspace.o(.text)
    __user_setup_stackheap                   0x00005ab9   Thumb Code    74  sys_stackheap_outer.o(.text)
    __rt_ctype_table                         0x00005b05   Thumb Code    16  rt_ctype_table.o(.text)
    exit                                     0x00005b15   Thumb Code    12  exit.o(.text)
    strcmp                                   0x00005b21   Thumb Code   128  strcmpv7m.o(.text)
    _sys_exit                                0x00005ba1   Thumb Code     8  sys_exit.o(.text)
    __rt_fp_status_addr                      0x00005bad   Thumb Code     8  rt_fp_status_addr_intlibspace.o(.text)
    __I$use$semihosting                      0x00005bb5   Thumb Code     0  use_no_semi.o(.text)
    __use_no_semihosting_swi                 0x00005bb5   Thumb Code     2  use_no_semi.o(.text)
    __semihosting_library_function           0x00005bb7   Thumb Code     0  indicate_semi.o(.text)
    _btod_d2e                                0x00005bb7   Thumb Code    62  btod.o(CL$$btod_d2e)
    _d2e_denorm_low                          0x00005bf5   Thumb Code    70  btod.o(CL$$btod_d2e_denorm_low)
    _d2e_norm_op1                            0x00005c3b   Thumb Code    96  btod.o(CL$$btod_d2e_norm_op1)
    __btod_div_common                        0x00005c9b   Thumb Code   696  btod.o(CL$$btod_div_common)
    _e2e                                     0x00005fd3   Thumb Code   198  btod.o(CL$$btod_e2e)
    _btod_ediv                               0x00006099   Thumb Code    40  btod.o(CL$$btod_ediv)
    _btod_emul                               0x000060c1   Thumb Code    40  btod.o(CL$$btod_emul)
    __btod_mult_common                       0x000060e9   Thumb Code   580  btod.o(CL$$btod_mult_common)
    __ARM_fpclassify                         0x0000632d   Thumb Code    40  fpclassify.o(i.__ARM_fpclassify)
    _is_digit                                0x00006355   Thumb Code    14  __printf_wp.o(i._is_digit)
    lcd_send                                 0x00006365   Thumb Code    40  ili_lcd_general.o(i.lcd_send)
    read_data                                0x00006391   Thumb Code   112  ili_lcd_general.o(i.read_data)
    wait_delay                               0x00006409   Thumb Code    14  ili_lcd_general.o(i.wait_delay)
    write_cmd                                0x00006419   Thumb Code    58  ili_lcd_general.o(i.write_cmd)
    write_reg                                0x00006459   Thumb Code    20  ili_lcd_general.o(i.write_reg)
    _get_lc_numeric                          0x0000646d   Thumb Code    44  lc_numeric_c.o(locale$$code)
    _get_lc_ctype                            0x00006499   Thumb Code    44  lc_ctype_c.o(locale$$code)
    __fpl_dretinf                            0x000064c5   Thumb Code    12  dretinf.o(x$fpl$dretinf)
    __aeabi_f2d                              0x000064d1   Thumb Code     0  f2d.o(x$fpl$f2d)
    _f2d                                     0x000064d1   Thumb Code    86  f2d.o(x$fpl$f2d)
    __aeabi_fadd                             0x00006529   Thumb Code     0  faddsub_clz.o(x$fpl$fadd)
    _fadd                                    0x00006529   Thumb Code   196  faddsub_clz.o(x$fpl$fadd)
    __aeabi_fdiv                             0x000065ed   Thumb Code     0  fdiv.o(x$fpl$fdiv)
    _fdiv                                    0x000065ed   Thumb Code   384  fdiv.o(x$fpl$fdiv)
    __aeabi_f2uiz                            0x00006771   Thumb Code     0  ffixu.o(x$fpl$ffixu)
    _ffixu                                   0x00006771   Thumb Code    62  ffixu.o(x$fpl$ffixu)
    __aeabi_i2f                              0x000067b1   Thumb Code     0  fflt_clz.o(x$fpl$fflt)
    _fflt                                    0x000067b1   Thumb Code    48  fflt_clz.o(x$fpl$fflt)
    __aeabi_ui2f                             0x000067e1   Thumb Code     0  fflt_clz.o(x$fpl$ffltu)
    _ffltu                                   0x000067e1   Thumb Code    38  fflt_clz.o(x$fpl$ffltu)
    __aeabi_fmul                             0x00006809   Thumb Code     0  fmul.o(x$fpl$fmul)
    _fmul                                    0x00006809   Thumb Code   258  fmul.o(x$fpl$fmul)
    __fpl_fnaninf                            0x0000690b   Thumb Code   140  fnaninf.o(x$fpl$fnaninf)
    _fp_init                                 0x00006997   Thumb Code    14  fpinit.o(x$fpl$fpinit)
    __fplib_config_pureend_doubles           0x000069a3   Thumb Code     0  fpinit.o(x$fpl$fpinit)
    __fpl_fretinf                            0x000069a5   Thumb Code    10  fretinf.o(x$fpl$fretinf)
    __aeabi_fsub                             0x000069b1   Thumb Code     0  faddsub_clz.o(x$fpl$fsub)
    _fsub                                    0x000069b1   Thumb Code   234  faddsub_clz.o(x$fpl$fsub)
    _printf_fp_dec                           0x00006a9b   Thumb Code     4  printf1.o(x$fpl$printf1)
    __I$use$fp                               0x00006a9f   Thumb Code     0  usenofp.o(x$fpl$usenofp)
    english                                  0x00006a9e   Data        1520  english_16x8.o(.constdata)
    Region$$Table$$Base                      0x00007174   Number         0  anon$$obj.o(Region$$Table)
    Region$$Table$$Limit                     0x00007194   Number         0  anon$$obj.o(Region$$Table)
    __ctype                                  0x000071bd   Data           0  lc_ctype_c.o(locale$$data)
    SystemCoreClock                          0x10000000   Data           4  system_lpc17xx.o(.data)
    _db_msg                                  0x10000004   Data           4  debug_frmwrk.o(.data)
    _db_msg_                                 0x10000008   Data           4  debug_frmwrk.o(.data)
    _db_char                                 0x1000000c   Data           4  debug_frmwrk.o(.data)
    _db_dec                                  0x10000010   Data           4  debug_frmwrk.o(.data)
    _db_dec_16                               0x10000014   Data           4  debug_frmwrk.o(.data)
    _db_dec_32                               0x10000018   Data           4  debug_frmwrk.o(.data)
    _db_hex                                  0x1000001c   Data           4  debug_frmwrk.o(.data)
    _db_hex_16                               0x10000020   Data           4  debug_frmwrk.o(.data)
    _db_hex_32                               0x10000024   Data           4  debug_frmwrk.o(.data)
    _db_get_char                             0x10000028   Data           4  debug_frmwrk.o(.data)
    fixmode_tbl                              0x1000002c   Data          16  main.o(.data)
    deviceid                                 0x1000003c   Data           2  main.o(.data)
    SysTickCnt                               0x10000040   Data           4  systen_delay.o(.data)
    AT_ATE0                                  0x10000046   Data           7  gprs.o(.data)
    AT_CGATT                                 0x1000004d   Data          13  gprs.o(.data)
    AT_CGDCONT                               0x1000005a   Data          28  gprs.o(.data)
    AT_CGRGE                                 0x10000076   Data          12  gprs.o(.data)
    AT_ETCPIP                                0x10000082   Data          26  gprs.o(.data)
    AT_ETCPIP_Q                              0x1000009c   Data          13  gprs.o(.data)
    AT_DNSR                                  0x100000a9   Data          27  gprs.o(.data)
    AT_IPOPEN                                0x100000c4   Data          41  gprs.o(.data)
    AT_IOMODE                                0x100000ed   Data          18  gprs.o(.data)
    AT_IPSEND_HEAD                           0x100000ff   Data          12  gprs.o(.data)
    AT_IPSEND_END                            0x1000010b   Data           4  gprs.o(.data)
    AT_IPCLOSE                               0x1000010f   Data          13  gprs.o(.data)
    Demo_Str                                 0x1000011c   Data          15  gprs.o(.data)
    err                                      0x1000012c   Data           2  gprs.o(.data)
    is_gprs_mode_ok                          0x1000012e   Data           1  gprs.o(.data)
    is_gprs_mode_start_succeed               0x1000012f   Data           1  gprs.o(.data)
    current_status                           0x10000130   Data           1  gprs.o(.data)
    Index                                    0x10000134   Data           2  uart.o(.data)
    Frame_Length                             0x10000136   Data           2  uart.o(.data)
    USART1_RX_STA                            0x10000138   Data           2  uart.o(.data)
    USART1_FLAG                              0x1000013a   Data           2  uart.o(.data)
    GPS_FRAME                                0x1000013c   Data           1  uart.o(.data)
    GucRcvNew0                               0x1000013d   Data           1  uart.o(.data)
    GucRcvBuf0                               0x1000013e   Data           8  uart.o(.data)
    GulNum0                                  0x10000148   Data           4  uart.o(.data)
    GucRcvNew1                               0x1000014c   Data           1  uart.o(.data)
    GucRcvBuf1                               0x1000014d   Data           8  uart.o(.data)
    GulNum1                                  0x10000158   Data           4  uart.o(.data)
    Uart0RecvBuf                             0x1000015c   Data           4  uart.o(.data)
    device_str                               0x10000364   Data          20  main.o(.bss)
    gpsx                                     0x10000378   Data         136  main.o(.bss)
    dtbuf                                    0x10000400   Data         100  main.o(.bss)
    GPRS_Send_Str                            0x10000464   Data         100  main.o(.bss)
    LCDSPI1Data                              0x100004c8   Data          24  touch_panel.o(.bss)
    PC_Array_Buffer                          0x100004e0   Data         512  uart.o(.bss)
    USART1_RX_BUF                            0x100006e0   Data         512  uart.o(.bss)
    USART1_RX_BUF2                           0x100008e0   Data         512  uart.o(.bss)
    __libspace_start                         0x10000ae0   Data          96  libspace.o(.bss)
    __temporary_stack_top$libspace           0x10000b40   Data           0  libspace.o(.bss)



==============================================================================

Memory Map of the image

  Image Entry point : 0x000000cd

  Load Region LR_IROM1 (Base: 0x00000000, Size: 0x00007420, Max: 0x00080000, ABSOLUTE, COMPRESSED[0x0000738c])

    Execution Region ER_IROM1 (Base: 0x00000000, Size: 0x000072c0, Max: 0x00080000, ABSOLUTE)

    Base Addr    Size         Type   Attr      Idx    E Section Name        Object

    0x00000000   0x000000cc   Data   RO            3    RESET               startup_lpc17xx.o
    0x000000cc   0x00000008   Code   RO          579  * !!!main             c_w.l(__main.o)
    0x000000d4   0x00000034   Code   RO          878    !!!scatter          c_w.l(__scatter.o)
    0x00000108   0x0000005a   Code   RO          876    !!dczerorl2         c_w.l(__dczerorl2.o)
    0x00000162   0x00000002   PAD
    0x00000164   0x0000001c   Code   RO          880    !!handler_zi        c_w.l(__scatter_zi.o)
    0x00000180   0x00000000   Code   RO          572    .ARM.Collect$$_printf_percent$$00000000  c_w.l(_printf_percent.o)
    0x00000180   0x00000006   Code   RO          637    .ARM.Collect$$_printf_percent$$00000001  c_w.l(_printf_n.o)
    0x00000186   0x00000006   Code   RO          638    .ARM.Collect$$_printf_percent$$00000002  c_w.l(_printf_p.o)
    0x0000018c   0x00000006   Code   RO          571    .ARM.Collect$$_printf_percent$$00000003  c_w.l(_printf_f.o)
    0x00000192   0x00000006   Code   RO          642    .ARM.Collect$$_printf_percent$$00000004  c_w.l(_printf_e.o)
    0x00000198   0x00000006   Code   RO          643    .ARM.Collect$$_printf_percent$$00000005  c_w.l(_printf_g.o)
    0x0000019e   0x00000006   Code   RO          644    .ARM.Collect$$_printf_percent$$00000006  c_w.l(_printf_a.o)
    0x000001a4   0x0000000a   Code   RO          649    .ARM.Collect$$_printf_percent$$00000007  c_w.l(_printf_ll.o)
    0x000001ae   0x00000006   Code   RO          640    .ARM.Collect$$_printf_percent$$00000008  c_w.l(_printf_i.o)
    0x000001b4   0x00000006   Code   RO          570    .ARM.Collect$$_printf_percent$$00000009  c_w.l(_printf_d.o)
    0x000001ba   0x00000006   Code   RO          641    .ARM.Collect$$_printf_percent$$0000000A  c_w.l(_printf_u.o)
    0x000001c0   0x00000006   Code   RO          639    .ARM.Collect$$_printf_percent$$0000000B  c_w.l(_printf_o.o)
    0x000001c6   0x00000006   Code   RO          569    .ARM.Collect$$_printf_percent$$0000000C  c_w.l(_printf_x.o)
    0x000001cc   0x00000006   Code   RO          646    .ARM.Collect$$_printf_percent$$0000000D  c_w.l(_printf_lli.o)
    0x000001d2   0x00000006   Code   RO          647    .ARM.Collect$$_printf_percent$$0000000E  c_w.l(_printf_lld.o)
    0x000001d8   0x00000006   Code   RO          648    .ARM.Collect$$_printf_percent$$0000000F  c_w.l(_printf_llu.o)
    0x000001de   0x00000006   Code   RO          653    .ARM.Collect$$_printf_percent$$00000010  c_w.l(_printf_llo.o)
    0x000001e4   0x00000006   Code   RO          654    .ARM.Collect$$_printf_percent$$00000011  c_w.l(_printf_llx.o)
    0x000001ea   0x0000000a   Code   RO          650    .ARM.Collect$$_printf_percent$$00000012  c_w.l(_printf_l.o)
    0x000001f4   0x00000006   Code   RO          567    .ARM.Collect$$_printf_percent$$00000013  c_w.l(_printf_c.o)
    0x000001fa   0x00000006   Code   RO          568    .ARM.Collect$$_printf_percent$$00000014  c_w.l(_printf_s.o)
    0x00000200   0x00000006   Code   RO          651    .ARM.Collect$$_printf_percent$$00000015  c_w.l(_printf_lc.o)
    0x00000206   0x00000006   Code   RO          652    .ARM.Collect$$_printf_percent$$00000016  c_w.l(_printf_ls.o)
    0x0000020c   0x00000004   Code   RO          645    .ARM.Collect$$_printf_percent$$00000017  c_w.l(_printf_percent_end.o)
    0x00000210   0x00000006   Code   RO          746    .ARM.Collect$$libinit$$00000000  c_w.l(libinit.o)
    0x00000216   0x00000000   Code   RO          749    .ARM.Collect$$libinit$$00000006  c_w.l(libinit2.o)
    0x00000216   0x00000000   Code   RO          751    .ARM.Collect$$libinit$$00000008  c_w.l(libinit2.o)
    0x00000216   0x00000000   Code   RO          753    .ARM.Collect$$libinit$$0000000A  c_w.l(libinit2.o)
    0x00000216   0x00000006   Code   RO          754    .ARM.Collect$$libinit$$0000000B  c_w.l(libinit2.o)
    0x0000021c   0x00000000   Code   RO          756    .ARM.Collect$$libinit$$0000000D  c_w.l(libinit2.o)
    0x0000021c   0x0000000c   Code   RO          757    .ARM.Collect$$libinit$$0000000E  c_w.l(libinit2.o)
    0x00000228   0x00000000   Code   RO          758    .ARM.Collect$$libinit$$0000000F  c_w.l(libinit2.o)
    0x00000228   0x00000000   Code   RO          760    .ARM.Collect$$libinit$$00000011  c_w.l(libinit2.o)
    0x00000228   0x0000000a   Code   RO          761    .ARM.Collect$$libinit$$00000012  c_w.l(libinit2.o)
    0x00000232   0x00000000   Code   RO          762    .ARM.Collect$$libinit$$00000013  c_w.l(libinit2.o)
    0x00000232   0x00000000   Code   RO          764    .ARM.Collect$$libinit$$00000015  c_w.l(libinit2.o)
    0x00000232   0x00000000   Code   RO          766    .ARM.Collect$$libinit$$00000017  c_w.l(libinit2.o)
    0x00000232   0x00000000   Code   RO          768    .ARM.Collect$$libinit$$00000019  c_w.l(libinit2.o)
    0x00000232   0x00000000   Code   RO          770    .ARM.Collect$$libinit$$0000001B  c_w.l(libinit2.o)
    0x00000232   0x00000000   Code   RO          772    .ARM.Collect$$libinit$$0000001D  c_w.l(libinit2.o)
    0x00000232   0x00000000   Code   RO          774    .ARM.Collect$$libinit$$0000001F  c_w.l(libinit2.o)
    0x00000232   0x00000000   Code   RO          776    .ARM.Collect$$libinit$$00000021  c_w.l(libinit2.o)
    0x00000232   0x00000000   Code   RO          780    .ARM.Collect$$libinit$$00000028  c_w.l(libinit2.o)
    0x00000232   0x00000000   Code   RO          782    .ARM.Collect$$libinit$$0000002A  c_w.l(libinit2.o)
    0x00000232   0x00000000   Code   RO          784    .ARM.Collect$$libinit$$0000002C  c_w.l(libinit2.o)
    0x00000232   0x00000000   Code   RO          786    .ARM.Collect$$libinit$$0000002E  c_w.l(libinit2.o)
    0x00000232   0x00000002   Code   RO          787    .ARM.Collect$$libinit$$0000002F  c_w.l(libinit2.o)
    0x00000234   0x00000002   Code   RO          842    .ARM.Collect$$libshutdown$$00000000  c_w.l(libshutdown.o)
    0x00000236   0x00000000   Code   RO          861    .ARM.Collect$$libshutdown$$00000003  c_w.l(libshutdown2.o)
    0x00000236   0x00000000   Code   RO          864    .ARM.Collect$$libshutdown$$00000006  c_w.l(libshutdown2.o)
    0x00000236   0x00000000   Code   RO          867    .ARM.Collect$$libshutdown$$00000009  c_w.l(libshutdown2.o)
    0x00000236   0x00000000   Code   RO          869    .ARM.Collect$$libshutdown$$0000000B  c_w.l(libshutdown2.o)
    0x00000236   0x00000000   Code   RO          872    .ARM.Collect$$libshutdown$$0000000E  c_w.l(libshutdown2.o)
    0x00000236   0x00000002   Code   RO          873    .ARM.Collect$$libshutdown$$0000000F  c_w.l(libshutdown2.o)
    0x00000238   0x00000000   Code   RO          607    .ARM.Collect$$rtentry$$00000000  c_w.l(rtentry.o)
    0x00000238   0x00000000   Code   RO          663    .ARM.Collect$$rtentry$$00000002  c_w.l(rtentry2.o)
    0x00000238   0x00000006   Code   RO          675    .ARM.Collect$$rtentry$$00000004  c_w.l(rtentry4.o)
    0x0000023e   0x00000000   Code   RO          665    .ARM.Collect$$rtentry$$00000009  c_w.l(rtentry2.o)
    0x0000023e   0x00000004   Code   RO          666    .ARM.Collect$$rtentry$$0000000A  c_w.l(rtentry2.o)
    0x00000242   0x00000000   Code   RO          668    .ARM.Collect$$rtentry$$0000000C  c_w.l(rtentry2.o)
    0x00000242   0x00000008   Code   RO          669    .ARM.Collect$$rtentry$$0000000D  c_w.l(rtentry2.o)
    0x0000024a   0x00000002   Code   RO          788    .ARM.Collect$$rtexit$$00000000  c_w.l(rtexit.o)
    0x0000024c   0x00000000   Code   RO          806    .ARM.Collect$$rtexit$$00000002  c_w.l(rtexit2.o)
    0x0000024c   0x00000004   Code   RO          807    .ARM.Collect$$rtexit$$00000003  c_w.l(rtexit2.o)
    0x00000250   0x00000006   Code   RO          808    .ARM.Collect$$rtexit$$00000004  c_w.l(rtexit2.o)
    0x00000256   0x00000002   PAD
    0x00000258   0x0000000c   Code   RO          288    .emb_text           ili_lcd_general.o
    0x00000264   0x0000003c   Code   RO            5    .text               startup_lpc17xx.o
    0x000002a0   0x00000012   Code   RO          350    .text               isr_touch.o
    0x000002b2   0x00000026   Code   RO          508    .text               c_w.l(llshl.o)
    0x000002d8   0x00000024   Code   RO          512    .text               c_w.l(c89vsprintf.o)
    0x000002fc   0x00000004   Code   RO            4    .ARM.__at_0x02FC    startup_lpc17xx.o
    0x00000300   0x000002a4   Code   RO           14    .text               system_lpc17xx.o
    0x000005a4   0x00000424   Code   RO           59    .text               lpc17xx_gpio.o
    0x000009c8   0x00000404   Code   RO           88    .text               debug_frmwrk.o
    0x00000dcc   0x00000ea4   Code   RO          120    .text               lpc17xx_uart.o
    0x00001c70   0x00000100   Code   RO          139    .text               lpc17xx_pinsel.o
    0x00001d70   0x00000150   Code   RO          162    .text               lpc17xx_clkpwr.o
    0x00001ec0   0x000006cc   Code   RO          178    .text               lpc17xx_ssp.o
    0x0000258c   0x0000049c   Code   RO          216    .text               main.o
    0x00002a28   0x00000084   Code   RO          263    .text               systen_delay.o
    0x00002aac   0x00000cb4   Code   RO          289    .text               ili_lcd_general.o
    0x00003760   0x000000b0   Code   RO          372    .text               lcd_api.o
    0x00003810   0x000003a8   Code   RO          389    .text               touch_panel.o
    0x00003bb8   0x0000038c   Code   RO          423    .text               gprs.o
    0x00003f44   0x00000750   Code   RO          454    .text               gps.o
    0x00004694   0x0000056c   Code   RO          477    .text               uart.o
    0x00004c00   0x000000ee   Code   RO          506    .text               c_w.l(lludivv7m.o)
    0x00004cee   0x00000026   Code   RO          510    .text               c_w.l(llushr.o)
    0x00004d14   0x0000002c   Code   RO          514    .text               c_w.l(__2sprintf.o)
    0x00004d40   0x00000052   Code   RO          520    .text               c_w.l(_printf_pad.o)
    0x00004d92   0x00000052   Code   RO          522    .text               c_w.l(_printf_str.o)
    0x00004de4   0x00000078   Code   RO          524    .text               c_w.l(_printf_dec.o)
    0x00004e5c   0x0000009c   Code   RO          544    .text               c_w.l(_printf_hex_int_ll_ptr.o)
    0x00004ef8   0x0000018c   Code   RO          564    .text               c_w.l(__printf_flags_ss_wp.o)
    0x00005084   0x00000024   Code   RO          573    .text               c_w.l(strstr.o)
    0x000050a8   0x00000064   Code   RO          575    .text               c_w.l(rt_memcpy_w.o)
    0x0000510c   0x00000006   Code   RO          577    .text               c_w.l(heapauxi.o)
    0x00005112   0x00000024   Code   RO          612    .text               c_w.l(_printf_truncate.o)
    0x00005136   0x000000b8   Code   RO          614    .text               c_w.l(_printf_intcommon.o)
    0x000051ee   0x0000002a   Code   RO          616    .text               c_w.l(_printf_charcount.o)
    0x00005218   0x00000420   Code   RO          618    .text               c_w.l(_printf_fp_dec.o)
    0x00005638   0x00000030   Code   RO          620    .text               c_w.l(_printf_char_common.o)
    0x00005668   0x0000000a   Code   RO          622    .text               c_w.l(_sputc.o)
    0x00005672   0x0000002c   Code   RO          624    .text               c_w.l(_printf_char.o)
    0x0000569e   0x00000002   PAD
    0x000056a0   0x000000bc   Code   RO          626    .text               c_w.l(_printf_wctomb.o)
    0x0000575c   0x00000078   Code   RO          629    .text               c_w.l(_printf_longlong_dec.o)
    0x000057d4   0x00000078   Code   RO          635    .text               c_w.l(_printf_oct_int_ll.o)
    0x0000584c   0x00000008   Code   RO          682    .text               c_w.l(rt_locale_intlibspace.o)
    0x00005854   0x0000008a   Code   RO          684    .text               c_w.l(lludiv10.o)
    0x000058de   0x00000002   PAD
    0x000058e0   0x00000080   Code   RO          686    .text               c_w.l(_printf_fp_infnan.o)
    0x00005960   0x0000002c   Code   RO          690    .text               c_w.l(_printf_wchar.o)
    0x0000598c   0x000000e4   Code   RO          692    .text               c_w.l(bigflt0.o)
    0x00005a70   0x00000040   Code   RO          717    .text               c_w.l(_wcrtomb.o)
    0x00005ab0   0x00000008   Code   RO          726    .text               c_w.l(libspace.o)
    0x00005ab8   0x0000004a   Code   RO          729    .text               c_w.l(sys_stackheap_outer.o)
    0x00005b02   0x00000002   PAD
    0x00005b04   0x00000010   Code   RO          731    .text               c_w.l(rt_ctype_table.o)
    0x00005b14   0x0000000c   Code   RO          733    .text               c_w.l(exit.o)
    0x00005b20   0x00000080   Code   RO          739    .text               c_w.l(strcmpv7m.o)
    0x00005ba0   0x0000000c   Code   RO          803    .text               c_w.l(sys_exit.o)
    0x00005bac   0x00000008   Code   RO          815    .text               c_w.l(rt_fp_status_addr_intlibspace.o)
    0x00005bb4   0x00000002   Code   RO          829    .text               c_w.l(use_no_semi.o)
    0x00005bb6   0x00000000   Code   RO          831    .text               c_w.l(indicate_semi.o)
    0x00005bb6   0x0000003e   Code   RO          695    CL$$btod_d2e        c_w.l(btod.o)
    0x00005bf4   0x00000046   Code   RO          697    CL$$btod_d2e_denorm_low  c_w.l(btod.o)
    0x00005c3a   0x00000060   Code   RO          696    CL$$btod_d2e_norm_op1  c_w.l(btod.o)
    0x00005c9a   0x00000338   Code   RO          705    CL$$btod_div_common  c_w.l(btod.o)
    0x00005fd2   0x000000c6   Code   RO          702    CL$$btod_e2e        c_w.l(btod.o)
    0x00006098   0x00000028   Code   RO          699    CL$$btod_ediv       c_w.l(btod.o)
    0x000060c0   0x00000028   Code   RO          698    CL$$btod_emul       c_w.l(btod.o)
    0x000060e8   0x00000244   Code   RO          704    CL$$btod_mult_common  c_w.l(btod.o)
    0x0000632c   0x00000028   Code   RO          724    i.__ARM_fpclassify  m_ws.l(fpclassify.o)
    0x00006354   0x0000000e   Code   RO          557    i._is_digit         c_w.l(__printf_wp.o)
    0x00006362   0x00000002   PAD
    0x00006364   0x0000002c   Code   RO          303    i.lcd_send          ili_lcd_general.o
    0x00006390   0x00000078   Code   RO          315    i.read_data         ili_lcd_general.o
    0x00006408   0x0000000e   Code   RO          321    i.wait_delay        ili_lcd_general.o
    0x00006416   0x00000002   PAD
    0x00006418   0x00000040   Code   RO          309    i.write_cmd         ili_lcd_general.o
    0x00006458   0x00000014   Code   RO          326    i.write_reg         ili_lcd_general.o
    0x0000646c   0x0000002c   Code   RO          720    locale$$code        c_w.l(lc_numeric_c.o)
    0x00006498   0x0000002c   Code   RO          793    locale$$code        c_w.l(lc_ctype_c.o)
    0x000064c4   0x0000000c   Code   RO          655    x$fpl$dretinf       fz_ws.l(dretinf.o)
    0x000064d0   0x00000056   Code   RO          581    x$fpl$f2d           fz_ws.l(f2d.o)
    0x00006526   0x00000002   PAD
    0x00006528   0x000000c4   Code   RO          583    x$fpl$fadd          fz_ws.l(faddsub_clz.o)
    0x000065ec   0x00000184   Code   RO          590    x$fpl$fdiv          fz_ws.l(fdiv.o)
    0x00006770   0x0000003e   Code   RO          593    x$fpl$ffixu         fz_ws.l(ffixu.o)
    0x000067ae   0x00000002   PAD
    0x000067b0   0x00000030   Code   RO          598    x$fpl$fflt          fz_ws.l(fflt_clz.o)
    0x000067e0   0x00000026   Code   RO          597    x$fpl$ffltu         fz_ws.l(fflt_clz.o)
    0x00006806   0x00000002   PAD
    0x00006808   0x00000102   Code   RO          603    x$fpl$fmul          fz_ws.l(fmul.o)
    0x0000690a   0x0000008c   Code   RO          657    x$fpl$fnaninf       fz_ws.l(fnaninf.o)
    0x00006996   0x0000000e   Code   RO          801    x$fpl$fpinit        fz_ws.l(fpinit.o)
    0x000069a4   0x0000000a   Code   RO          659    x$fpl$fretinf       fz_ws.l(fretinf.o)
    0x000069ae   0x00000002   PAD
    0x000069b0   0x000000ea   Code   RO          585    x$fpl$fsub          fz_ws.l(faddsub_clz.o)
    0x00006a9a   0x00000004   Code   RO          605    x$fpl$printf1       fz_ws.l(printf1.o)
    0x00006a9e   0x00000000   Code   RO          661    x$fpl$usenofp       fz_ws.l(usenofp.o)
    0x00006a9e   0x000005f0   Data   RO          415    .constdata          english_16x8.o
    0x0000708e   0x00000028   Data   RO          545    .constdata          c_w.l(_printf_hex_int_ll_ptr.o)
    0x000070b6   0x00000011   Data   RO          565    .constdata          c_w.l(__printf_flags_ss_wp.o)
    0x000070c7   0x00000001   PAD
    0x000070c8   0x00000008   Data   RO          627    .constdata          c_w.l(_printf_wctomb.o)
    0x000070d0   0x00000094   Data   RO          693    .constdata          c_w.l(bigflt0.o)
    0x00007164   0x0000000f   Data   RO          218    .conststring        main.o
    0x00007173   0x00000001   PAD
    0x00007174   0x00000020   Data   RO          874    Region$$Table       anon$$obj.o
    0x00007194   0x0000001c   Data   RO          719    locale$$data        c_w.l(lc_numeric_c.o)
    0x000071b0   0x00000110   Data   RO          792    locale$$data        c_w.l(lc_ctype_c.o)


    Execution Region RW_IRAM1 (Base: 0x10000000, Size: 0x00000d40, Max: 0x00008000, ABSOLUTE, COMPRESSED[0x000000cc])

    Base Addr    Size         Type   Attr      Idx    E Section Name        Object

    0x10000000   0x00000004   Data   RW           15    .data               system_lpc17xx.o
    0x10000004   0x00000028   Data   RW           90    .data               debug_frmwrk.o
    0x1000002c   0x00000012   Data   RW          219    .data               main.o
    0x1000003e   0x00000002   PAD
    0x10000040   0x00000004   Data   RW          264    .data               systen_delay.o
    0x10000044   0x00000002   Data   RW          290    .data               ili_lcd_general.o
    0x10000046   0x000000eb   Data   RW          424    .data               gprs.o
    0x10000131   0x00000003   PAD
    0x10000134   0x0000002c   Data   RW          479    .data               uart.o
    0x10000160   0x00000201   Zero   RW           89    .bss                debug_frmwrk.o
    0x10000361   0x00000003   PAD
    0x10000364   0x00000164   Zero   RW          217    .bss                main.o
    0x100004c8   0x00000018   Zero   RW          390    .bss                touch_panel.o
    0x100004e0   0x00000600   Zero   RW          478    .bss                uart.o
    0x10000ae0   0x00000060   Zero   RW          727    .bss                c_w.l(libspace.o)
    0x10000b40   0x00000000   Zero   RW            2    HEAP                startup_lpc17xx.o
    0x10000b40   0x00000200   Zero   RW            1    STACK               startup_lpc17xx.o


==============================================================================

Image component sizes


      Code (inc. data)   RO Data    RW Data    ZI Data      Debug   Object Name

      1028         78          0         40        513      15906   debug_frmwrk.o
         0          0       1520          0          0        346   english_16x8.o
       908        214          0        235          0       3481   gprs.o
      1872         50          0          0          0       4416   gps.o
      3526        256          0          2          0       8347   ili_lcd_general.o
        18          0          0          0          0        415   isr_touch.o
       176          6          0          0          0       1201   lcd_api.o
       336         32          0          0          0       1835   lpc17xx_clkpwr.o
      1060         62          0          0          0      11635   lpc17xx_gpio.o
       256          4          0          0          0      19485   lpc17xx_pinsel.o
      1740         80          0          0          0      11600   lpc17xx_ssp.o
      3748        124          0          0          0      11041   lpc17xx_uart.o
      1180        268         15         18        356       5090   main.o
        64         26        204          0        512       1076   startup_lpc17xx.o
       676         82          0          4          0      22329   system_lpc17xx.o
       132         16          0          4          0      16558   systen_delay.o
       936        186          0          0         24      17546   touch_panel.o
      1388        104          0         44       1536      21197   uart.o

    ----------------------------------------------------------------------
     19046       1588       1772        352       2944     173504   Object Totals
         0          0         32          0          0          0   (incl. Generated)
         2          0          1          5          3          0   (incl. Padding)

    ----------------------------------------------------------------------

      Code (inc. data)   RO Data    RW Data    ZI Data      Debug   Library Member Name

        44          6          0          0          0         84   __2sprintf.o
        90          0          0          0          0          0   __dczerorl2.o
         8          0          0          0          0         68   __main.o
       396          6         17          0          0         92   __printf_flags_ss_wp.o
        14          0          0          0          0         68   __printf_wp.o
        52          8          0          0          0          0   __scatter.o
        28          0          0          0          0          0   __scatter_zi.o
         6          0          0          0          0          0   _printf_a.o
         6          0          0          0          0          0   _printf_c.o
        44          0          0          0          0        108   _printf_char.o
        48          6          0          0          0         96   _printf_char_common.o
        42          0          0          0          0         68   _printf_charcount.o
         6          0          0          0          0          0   _printf_d.o
       120         18          0          0          0         92   _printf_dec.o
         6          0          0          0          0          0   _printf_e.o
         6          0          0          0          0          0   _printf_f.o
      1056          0          0          0          0        216   _printf_fp_dec.o
       128         16          0          0          0         84   _printf_fp_infnan.o
         6          0          0          0          0          0   _printf_g.o
       156          6         40          0          0        160   _printf_hex_int_ll_ptr.o
         6          0          0          0          0          0   _printf_i.o
       184          0          0          0          0         88   _printf_intcommon.o
        10          0          0          0          0          0   _printf_l.o
         6          0          0          0          0          0   _printf_lc.o
        10          0          0          0          0          0   _printf_ll.o
         6          0          0          0          0          0   _printf_lld.o
         6          0          0          0          0          0   _printf_lli.o
         6          0          0          0          0          0   _printf_llo.o
         6          0          0          0          0          0   _printf_llu.o
         6          0          0          0          0          0   _printf_llx.o
       120         16          0          0          0         92   _printf_longlong_dec.o
         6          0          0          0          0          0   _printf_ls.o
         6          0          0          0          0          0   _printf_n.o
         6          0          0          0          0          0   _printf_o.o
       120          8          0          0          0        124   _printf_oct_int_ll.o
         6          0          0          0          0          0   _printf_p.o
        82          0          0          0          0        108   _printf_pad.o
         0          0          0          0          0          0   _printf_percent.o
         4          0          0          0          0          0   _printf_percent_end.o
         6          0          0          0          0          0   _printf_s.o
        82          0          0          0          0         80   _printf_str.o
        36          0          0          0          0         84   _printf_truncate.o
         6          0          0          0          0          0   _printf_u.o
        44          0          0          0          0        108   _printf_wchar.o
       188          6          8          0          0         92   _printf_wctomb.o
         6          0          0          0          0          0   _printf_x.o
        10          0          0          0          0         68   _sputc.o
        64          0          0          0          0         92   _wcrtomb.o
       228          6        148          0          0         96   bigflt0.o
      1910        128          0          0          0        672   btod.o
        36          4          0          0          0         76   c89vsprintf.o
        12          0          0          0          0         72   exit.o
         6          0          0          0          0        152   heapauxi.o
         0          0          0          0          0          0   indicate_semi.o
        44         10        272          0          0         76   lc_ctype_c.o
        44         10         28          0          0         76   lc_numeric_c.o
         6          0          0          0          0          0   libinit.o
        30          0          0          0          0          0   libinit2.o
         2          0          0          0          0          0   libshutdown.o
         2          0          0          0          0          0   libshutdown2.o
         8          4          0          0         96         68   libspace.o
        38          0          0          0          0         68   llshl.o
       138          0          0          0          0         80   lludiv10.o
       238          0          0          0          0        100   lludivv7m.o
        38          0          0          0          0         68   llushr.o
        16          4          0          0          0         76   rt_ctype_table.o
         8          4          0          0          0         68   rt_fp_status_addr_intlibspace.o
         8          4          0          0          0         68   rt_locale_intlibspace.o
       100          0          0          0          0         80   rt_memcpy_w.o
         0          0          0          0          0          0   rtentry.o
        12          0          0          0          0          0   rtentry2.o
         6          0          0          0          0          0   rtentry4.o
         2          0          0          0          0          0   rtexit.o
        10          0          0          0          0          0   rtexit2.o
       128          0          0          0          0         68   strcmpv7m.o
        36          0          0          0          0         80   strstr.o
        12          4          0          0          0         68   sys_exit.o
        74          0          0          0          0         80   sys_stackheap_outer.o
         2          0          0          0          0         68   use_no_semi.o
        12          0          0          0          0         68   dretinf.o
        86          4          0          0          0         84   f2d.o
       430          8          0          0          0        168   faddsub_clz.o
       388         76          0          0          0         96   fdiv.o
        62          4          0          0          0         84   ffixu.o
        86          0          0          0          0        136   fflt_clz.o
       258          4          0          0          0         84   fmul.o
       140          4          0          0          0         84   fnaninf.o
        14          0          0          0          0         76   fpinit.o
        10          0          0          0          0         68   fretinf.o
         4          0          0          0          0         68   printf1.o
         0          0          0          0          0          0   usenofp.o
        40          0          0          0          0         68   fpclassify.o

    ----------------------------------------------------------------------
      8044        374        514          0         96       5416   Library Totals
        20          0          1          0          0          0   (incl. Padding)

    ----------------------------------------------------------------------

      Code (inc. data)   RO Data    RW Data    ZI Data      Debug   Library Name

      6494        274        513          0         96       4332   c_w.l
      1490        100          0          0          0       1016   fz_ws.l
        40          0          0          0          0         68   m_ws.l

    ----------------------------------------------------------------------
      8044        374        514          0         96       5416   Library Totals

    ----------------------------------------------------------------------

==============================================================================


      Code (inc. data)   RO Data    RW Data    ZI Data      Debug   

     27090       1962       2286        352       3040     173876   Grand Totals
     27090       1962       2286        204       3040     173876   ELF Image Totals (compressed)
     27090       1962       2286        204          0          0   ROM Totals

==============================================================================

    Total RO  Size (Code + RO Data)                29376 (  28.69kB)
    Total RW  Size (RW Data + ZI Data)              3392 (   3.31kB)
    Total ROM Size (Code + RO Data + RW Data)      29580 (  28.89kB)

==============================================================================

